# $Id: uri.map,v 1.16 2008-04-25 10:15:47 ftanguy Exp $
#
#"platform:/plugin/fr.irisa.triskell.kermeta/"		"file:/C:/eclipse3.1.1/eclipse/plugins/fr.irisa.triskell.kermeta_0.1.1/"

#"platform:/plugin/fr.irisa.triskell.kermeta/"		"file:/C:/eclipse3.2/eclipse/workspace/fr.irisa.triskell.kermeta/"
#"platform:/resource/"								"file:/C:/eclipse3.2/eclipse/workspace/"

# This is the values that are correct for daily build
# You probably have to change it to match your configuration
# but, please do not commit them it into the CVS
#"platform:/plugin/"		"file:/home/paco/Desktop/KermetaCVS/"
#"platform:/resource/"		"file:/home/paco/Desktop/KermetaCVS/"
"platform:/plugin/"		"file:/home/paco/workspace/"
"platform:/resource/"		"file:/home/paco/workspace/"
"kconf:/loader/"			"file:/home/paco/workspace-cvs/org.kermeta.io.loader/instances/"
#"platform:/plugin/"			"file://tmp/kermeta_build/src/plugins/"
#"platform:/resource/"		"file://tmp/kermeta_build/src/plugins/"
#"platform:/plugin/"		"file:/C:/eclipse3.3/eclipse/workspace/"
#"platform:/resource/"		"file:/C:/eclipse3.3/eclipse/workspace/"


