# $Id: uri.map,v 1.2 2008-07-24 07:38:11 dvojtise Exp $
#
# This is the values that are correct for daily build
# You probably have to change it to match your configuration
# but, please do not commit them it into the CVS
"platform:/plugin/"		    "file:/tmp/kermeta_build/src/plugins/fr.irisa.triskell.kermeta.standalone/dist/no_thirdparty_in_main_jar/"
"platform:/resource/"		"file:/tmp/kermeta_build/src/plugins/org.kermeta.standalone.tests/"
"kconf:/loader/"			"jar:file:/tmp/kermeta_build/src/plugins/fr.irisa.triskell.kermeta.standalone/dist/no_thirdparty_in_main_jar/kermeta_standalone.jar!/instances/"

#"platform:/plugin/"		    "file:/C:/eclipse3.3/eclipse/workspace/fr.irisa.triskell.kermeta.standalone/dist/no_thirdparty_in_main_jar/"
#"platform:/resource/"		"file:/C:/eclipse3.3/eclipse/workspace/org.kermeta.standalone.tests/"
#"kconf:/loader/"			"jar:file:/C:/eclipse3.3/eclipse/workspace/fr.irisa.triskell.kermeta.standalone/dist/no_thirdparty_in_main_jar/kermeta_standalone.jar!/instances/"

